[     308ms] [LOG] [PostHog.js] set_config {config: Object, oldConfig: Object, newConfig: Object} @ http://localhost:3000/_next/static/chunks/node_modules_posthog-js_dist_module_161gfvt.js:1571
[     309ms] [LOG] [PostHog.js] Persistence loaded localStorage+cookie {$device_id: 019f6b18-0c4f-7292-95b9-4d7903671b2a, distinct_id: 019f6b18-0c4f-7292-95b9-4d7903671b2a, $sesid: Array(3), $epp: true, $initial_person_info: Object} @ http://localhost:3000/_next/static/chunks/node_modules_posthog-js_dist_module_161gfvt.js:1571
[     310ms] [LOG] [PostHog.js] Persistence loaded sessionStorage {} @ http://localhost:3000/_next/static/chunks/node_modules_posthog-js_dist_module_161gfvt.js:1571
[     311ms] [LOG] [PostHog.js] Initializing extensions synchronously @ http://localhost:3000/_next/static/chunks/node_modules_posthog-js_dist_module_161gfvt.js:1571
[     311ms] [LOG] [PostHog.js] [Web Vitals] enabled, starting... @ http://localhost:3000/_next/static/chunks/node_modules_posthog-js_dist_module_161gfvt.js:1571
[     312ms] [LOG] [PostHog.js] [ExceptionAutocapture] enabled @ http://localhost:3000/_next/static/chunks/node_modules_posthog-js_dist_module_161gfvt.js:1571
[     312ms] [LOG] [PostHog.js] History API monitoring enabled, starting... @ http://localhost:3000/_next/static/chunks/node_modules_posthog-js_dist_module_161gfvt.js:1571
[     313ms] [LOG] [PostHog.js] [SessionRecording] starting @ http://localhost:3000/_next/static/chunks/node_modules_posthog-js_dist_module_161gfvt.js:1571
[     313ms] [LOG] [PostHog.js] [Heatmaps] starting... @ http://localhost:3000/_next/static/chunks/node_modules_posthog-js_dist_module_161gfvt.js:1571
[     313ms] [LOG] [PostHog.js] Starting in debug mode {this: $a, config: Object, thisC: Object, p: Object, s: Object} @ http://localhost:3000/_next/static/chunks/node_modules_posthog-js_dist_module_161gfvt.js:1571
[     332ms] [LOG] [PostHog.js] [SessionId] new session ID generated {sessionId: 019f6b8d-4392-76d2-a0f7-a1c80d0a9dfb, windowId: 019f6b8d-4392-76d2-a0f7-a1c9ddf61390, changeReason: Object} @ http://localhost:3000/_next/static/chunks/node_modules_posthog-js_dist_module_161gfvt.js:1571
[     332ms] [LOG] [PostHog.js] send "$set" {uuid: 019f6b8d-4381-7567-bf60-7a7ccc991305, event: $set, properties: Object, $set_once: Object, timestamp: Thu Jul 16 2026 21:00:47 GMT+0530 (India Standard Time)} @ http://localhost:3000/_next/static/chunks/node_modules_posthog-js_dist_module_161gfvt.js:1571
[     333ms] [LOG] [Client Instrumentation Hook] Slow execution detected: 34ms (Note: Code download overhead is not included in this measurement) @ http://localhost:3000/_next/static/chunks/node_modules_next_dist_1ybzpk2._.js:1690
[     352ms] [INFO] %cDownload the React DevTools for a better development experience: https://react.dev/link/react-devtools font-weight:bold @ http://localhost:3000/_next/static/chunks/node_modules_next_dist_1ybzpk2._.js:2482
[     393ms] [LOG] [PostHog.js] send "$pageview" {uuid: 019f6b8d-43cf-743c-a24e-8c7e6de8236b, event: $pageview, properties: Object, timestamp: Thu Jul 16 2026 21:00:47 GMT+0530 (India Standard Time)} @ http://localhost:3000/_next/static/chunks/node_modules_next_dist_1ybzpk2._.js:2482
[     399ms] [LOG] [PostHog.js] [SessionRecording] persisted remote config is stale, requesting fresh config before starting @ http://localhost:3000/_next/static/chunks/node_modules_next_dist_1ybzpk2._.js:2482
[     399ms] [LOG] [PostHog.js] [Dead Clicks] starting... @ http://localhost:3000/_next/static/chunks/node_modules_next_dist_1ybzpk2._.js:2482
[     400ms] [LOG] [HMR] connected @ http://localhost:3000/_next/static/chunks/node_modules_next_dist_1ybzpk2._.js:2482
[     963ms] [LOG] [PostHog.js] Persistence loaded sessionStorage {$sdk_debug_extensions_init_method: synchronous, $sdk_debug_extensions_init_time_ms: 2, $referrer: $direct, $referring_domain: $direct} @ http://localhost:3000/_next/static/chunks/node_modules_next_dist_1ybzpk2._.js:2482
[     964ms] [LOG] [PostHog.js] set_config {config: Object, oldConfig: Object, newConfig: Object} @ http://localhost:3000/_next/static/chunks/node_modules_next_dist_1ybzpk2._.js:2482
[     964ms] [LOG] [PostHog.js] [SessionRecording] starting @ http://localhost:3000/_next/static/chunks/node_modules_next_dist_1ybzpk2._.js:2482
[     964ms] [LOG] [PostHog.js] [ExceptionAutocapture] enabled @ http://localhost:3000/_next/static/chunks/node_modules_next_dist_1ybzpk2._.js:2482
[     975ms] [LOG] [PostHog.js] [SessionRecording] starting @ http://localhost:3000/_next/static/chunks/node_modules_next_dist_1ybzpk2._.js:2482
[     975ms] [LOG] [PostHog.js] [Surveys] flags response received, isSurveysEnabled: false @ http://localhost:3000/_next/static/chunks/node_modules_next_dist_1ybzpk2._.js:2482
[     975ms] [LOG] [PostHog.js] [ExceptionAutocapture] enabled @ http://localhost:3000/_next/static/chunks/node_modules_next_dist_1ybzpk2._.js:2482
[     977ms] [LOG] [PostHog.js] Persistence loaded sessionStorage {$sdk_debug_extensions_init_method: synchronous, $sdk_debug_extensions_init_time_ms: 2, $referrer: $direct, $referring_domain: $direct, $sdk_debug_replay_remote_trigger_matching_config: null} @ http://localhost:3000/_next/static/chunks/node_modules_next_dist_1ybzpk2._.js:2482
[     977ms] [LOG] [PostHog.js] set_config {config: Object, oldConfig: Object, newConfig: Object} @ http://localhost:3000/_next/static/chunks/node_modules_next_dist_1ybzpk2._.js:2482
[     977ms] [LOG] [PostHog.js] [ExceptionAutocapture] enabled @ http://localhost:3000/_next/static/chunks/node_modules_next_dist_1ybzpk2._.js:2482
[     977ms] [LOG] [PostHog.js] [Surveys] flags response received, isSurveysEnabled: false @ http://localhost:3000/_next/static/chunks/node_modules_next_dist_1ybzpk2._.js:2482
[     977ms] [LOG] [PostHog.js] [ExceptionAutocapture] enabled @ http://localhost:3000/_next/static/chunks/node_modules_next_dist_1ybzpk2._.js:2482
[     981ms] [LOG] [PostHog.js] [Surveys] Surveys loaded successfully @ http://localhost:3000/_next/static/chunks/node_modules_next_dist_1ybzpk2._.js:2482
[     981ms] [LOG] [PostHog.js] [Surveys] Surveys loaded successfully @ http://localhost:3000/_next/static/chunks/node_modules_next_dist_1ybzpk2._.js:2482
[     981ms] [LOG] [PostHog.js] [Surveys] Surveys loaded successfully @ http://localhost:3000/_next/static/chunks/node_modules_next_dist_1ybzpk2._.js:2482
[    5317ms] [LOG] [PostHog.js] send "$$heatmap" {uuid: 019f6b8d-570a-7b8c-9153-033e9b35d9f8, event: $$heatmap, properties: Object, timestamp: Thu Jul 16 2026 21:00:52 GMT+0530 (India Standard Time)} @ http://localhost:3000/_next/static/chunks/node_modules_next_dist_1ybzpk2._.js:2482
[    5404ms] [LOG] [PostHog.js] send "$web_vitals" {uuid: 019f6b8d-5761-7bd2-bdb5-6357eacc7c89, event: $web_vitals, properties: Object, timestamp: Thu Jul 16 2026 21:00:52 GMT+0530 (India Standard Time)} @ http://localhost:3000/_next/static/chunks/node_modules_next_dist_1ybzpk2._.js:2482
[   69193ms] [ERROR] WebSocket connection to 'ws://localhost:3000/_next/webpack-hmr?id=_s6EGi2udl9BwmTwRzZZy' failed: Error in connection establishment: net::ERR_CONNECTION_REFUSED @ http://localhost:3000/_next/static/chunks/node_modules_next_dist_client_0r5nbpw._.js:13421
[   70196ms] [ERROR] WebSocket connection to 'ws://localhost:3000/_next/webpack-hmr?id=_s6EGi2udl9BwmTwRzZZy' failed: Error in connection establishment: net::ERR_CONNECTION_REFUSED @ http://localhost:3000/_next/static/chunks/node_modules_next_dist_client_0r5nbpw._.js:13421
[   71199ms] [ERROR] WebSocket connection to 'ws://localhost:3000/_next/webpack-hmr?id=_s6EGi2udl9BwmTwRzZZy' failed: Error in connection establishment: net::ERR_CONNECTION_REFUSED @ http://localhost:3000/_next/static/chunks/node_modules_next_dist_client_0r5nbpw._.js:13421
[   72203ms] [ERROR] WebSocket connection to 'ws://localhost:3000/_next/webpack-hmr?id=_s6EGi2udl9BwmTwRzZZy' failed: Error in connection establishment: net::ERR_CONNECTION_REFUSED @ http://localhost:3000/_next/static/chunks/node_modules_next_dist_client_0r5nbpw._.js:13421
[   73205ms] [ERROR] WebSocket connection to 'ws://localhost:3000/_next/webpack-hmr?id=_s6EGi2udl9BwmTwRzZZy' failed: Error in connection establishment: net::ERR_CONNECTION_REFUSED @ http://localhost:3000/_next/static/chunks/node_modules_next_dist_client_0r5nbpw._.js:13421
[   78211ms] [ERROR] WebSocket connection to 'ws://localhost:3000/_next/webpack-hmr?id=_s6EGi2udl9BwmTwRzZZy' failed: Error in connection establishment: net::ERR_CONNECTION_REFUSED @ http://localhost:3000/_next/static/chunks/node_modules_next_dist_client_0r5nbpw._.js:13421
[   83214ms] [ERROR] WebSocket connection to 'ws://localhost:3000/_next/webpack-hmr?id=_s6EGi2udl9BwmTwRzZZy' failed: Error in connection establishment: net::ERR_CONNECTION_REFUSED @ http://localhost:3000/_next/static/chunks/node_modules_next_dist_client_0r5nbpw._.js:13421
[   88221ms] [ERROR] WebSocket connection to 'ws://localhost:3000/_next/webpack-hmr?id=_s6EGi2udl9BwmTwRzZZy' failed: Error in connection establishment: net::ERR_CONNECTION_REFUSED @ http://localhost:3000/_next/static/chunks/node_modules_next_dist_client_0r5nbpw._.js:13421
[   93226ms] [ERROR] WebSocket connection to 'ws://localhost:3000/_next/webpack-hmr?id=_s6EGi2udl9BwmTwRzZZy' failed: Error in connection establishment: net::ERR_CONNECTION_REFUSED @ http://localhost:3000/_next/static/chunks/node_modules_next_dist_client_0r5nbpw._.js:13421
[   98230ms] [ERROR] WebSocket connection to 'ws://localhost:3000/_next/webpack-hmr?id=_s6EGi2udl9BwmTwRzZZy' failed: Error in connection establishment: net::ERR_CONNECTION_REFUSED @ http://localhost:3000/_next/static/chunks/node_modules_next_dist_client_0r5nbpw._.js:13421
[  103240ms] [ERROR] WebSocket connection to 'ws://localhost:3000/_next/webpack-hmr?id=_s6EGi2udl9BwmTwRzZZy' failed: Error in connection establishment: net::ERR_CONNECTION_REFUSED @ http://localhost:3000/_next/static/chunks/node_modules_next_dist_client_0r5nbpw._.js:13421
[  108247ms] [ERROR] WebSocket connection to 'ws://localhost:3000/_next/webpack-hmr?id=_s6EGi2udl9BwmTwRzZZy' failed: Error in connection establishment: net::ERR_CONNECTION_REFUSED @ http://localhost:3000/_next/static/chunks/node_modules_next_dist_client_0r5nbpw._.js:13421
[  108251ms] [LOG] [PostHog.js] send "$snapshot" {uuid: 019f6b8e-e921-7b21-8ff1-4b76e86de16a, event: $snapshot, properties: Object, timestamp: Thu Jul 16 2026 21:02:35 GMT+0530 (India Standard Time)} @ http://localhost:3000/_next/static/chunks/node_modules_next_dist_1ybzpk2._.js:2482
[  108254ms] [ERROR] WebSocket is already in CLOSING or CLOSED state. @ http://localhost:3000/_next/static/chunks/node_modules_next_dist_1ybzpk2._.js:2841
